2026-09-16 22:16:10,021 - __main__ - INFO - Logger integration test
2026-09-16 22:29:26,554 - __main__ - INFO - Training pipeline CLI initialized
2026-09-16 22:29:26,554 - __main__ - INFO - Configuration path received: C:\my things\my learning\My-pipeline\configs\base-config.yaml
2026-09-16 23:12:05,634 - __main__ - INFO - Ininitiating ML training pipeline
2026-09-16 23:12:05,635 - __main__ - INFO - Loaded project:ml_training_pipeline(v1.0.0)
2026-09-16 23:12:05,636 - __main__ - INFO - Execution seed: 42
2026-09-16 23:12:05,636 - __main__ - INFO - Target model: random_forest
2026-09-16 23:12:05,636 - __main__ - INFO - Data source: data/raw/data.csv
2026-09-16 23:12:05,636 - __main__ - INFO - Target column: target
2026-09-16 23:12:05,636 - __main__ - INFO - Test size: 0.2
2026-09-16 23:12:05,640 - __main__ - INFO - Model hyperparameters: n_estimators=100, max_depth=10, random_state=42
2026-09-16 23:12:05,640 - __main__ - INFO - Configuration validation and pipeline assembly succeeded.
2026-09-19 00:43:04,984 - __main__ - INFO - Initiating ML training pipeline
2026-09-19 00:43:05,030 - __main__ - INFO - Loaded project:ml_training_pipeline(v1.0.0)
2026-09-19 00:43:05,030 - __main__ - INFO - Execution seed: 42
2026-09-19 00:43:05,030 - __main__ - INFO - Target model: random_forest
2026-09-19 00:43:05,030 - __main__ - INFO - Data source: data/raw/data.csv
2026-09-19 00:43:05,030 - __main__ - INFO - Target column: target
2026-09-19 00:43:05,030 - __main__ - INFO - Test size: 0.2
2026-09-19 00:43:05,030 - __main__ - INFO - Model hyperparameters: n_estimators=100, max_depth=10, random_state=42
2026-09-19 00:43:05,030 - __main__ - INFO - Configuration validation and pipeline assembly succeeded.
2026-09-19 00:43:29,506 - __main__ - INFO - Initiating ML training pipeline
2026-09-19 00:43:29,509 - __main__ - INFO - Loaded project:ml_training_pipeline(v1.0.0)
2026-09-19 00:43:29,509 - __main__ - INFO - Execution seed: 123
2026-09-19 00:43:29,509 - __main__ - INFO - Target model: random_forest
2026-09-19 00:43:29,509 - __main__ - INFO - Data source: data/raw/data.csv
2026-09-19 00:43:29,511 - __main__ - INFO - Target column: target
2026-09-19 00:43:29,513 - __main__ - INFO - Test size: 0.2
2026-09-19 00:43:29,515 - __main__ - INFO - Model hyperparameters: n_estimators=100, max_depth=10, random_state=42
2026-09-19 00:43:29,515 - __main__ - INFO - Configuration validation and pipeline assembly succeeded.
2026-09-19 00:45:02,102 - __main__ - INFO - Initiating ML training pipeline
2026-09-19 00:45:02,107 - __main__ - INFO - Loaded project:ml_training_pipeline(v1.0.0)
2026-09-19 00:45:02,107 - __main__ - INFO - Execution seed: 123
2026-09-19 00:45:02,107 - __main__ - INFO - Target model: random_forest
2026-09-19 00:45:02,108 - __main__ - INFO - Data source: data/raw/data.csv
2026-09-19 00:45:02,108 - __main__ - INFO - Target column: target
2026-09-19 00:45:02,108 - __main__ - INFO - Test size: 0.2
2026-09-19 00:45:02,108 - __main__ - INFO - Model hyperparameters: n_estimators=100, max_depth=10, random_state=123
2026-09-19 00:45:02,108 - __main__ - INFO - Configuration validation and pipeline assembly succeeded.
2026-09-19 01:09:41,637 - __main__ - INFO - Initiating ML training pipeline
2026-09-19 01:09:41,639 - __main__ - INFO - Loaded project:ml_training_pipeline(v1.0.0)
2026-09-19 01:09:41,639 - __main__ - INFO - Execution seed: 42
2026-09-19 01:09:41,641 - __main__ - INFO - Target model: random_forest
2026-09-19 01:09:41,641 - __main__ - INFO - Data source: data\raw\experiment.csv
2026-09-19 01:09:41,641 - __main__ - INFO - Target column: target
2026-09-19 01:09:41,641 - __main__ - INFO - Test size: 0.2
2026-09-19 01:09:41,641 - __main__ - INFO - Model hyperparameters: n_estimators=100, max_depth=10, random_state=42
2026-09-19 01:09:41,643 - __main__ - INFO - Configuration validation and pipeline assembly succeeded.
